// Jest Snapshot v1, https://goo.gl/fbAQLP

exports[`the app 1`] = `
<div
  data-testid="myapp"
>
  <div
    data-testid="schedular"
    id="wrapper"
  >
    <div
      class="left"
      data-testid="slotwrapper"
      id="times"
    >
      <div
        class="slot"
        data-testid="timeslot"
      >
        09:00
      </div>
      <div
        class="slot"
        data-testid="timeslot"
      >
        <span>
          09:30
        </span>
      </div>
      <div
        class="slot"
        data-testid="timeslot"
      >
        10:00
      </div>
      <div
        class="slot"
        data-testid="timeslot"
      >
        <span>
          10:30
        </span>
      </div>
      <div
        class="slot"
        data-testid="timeslot"
      >
        11:00
      </div>
      <div
        class="slot"
        data-testid="timeslot"
      >
        <span>
          11:30
        </span>
      </div>
      <div
        class="slot"
        data-testid="timeslot"
      >
        12:00
      </div>
      <div
        class="slot"
        data-testid="timeslot"
      >
        <span>
          12:30
        </span>
      </div>
      <div
        class="slot"
        data-testid="timeslot"
      >
        13:00
      </div>
      <div
        class="slot"
        data-testid="timeslot"
      >
        <span>
          13:30
        </span>
      </div>
      <div
        class="slot"
        data-testid="timeslot"
      >
        14:00
      </div>
      <div
        class="slot"
        data-testid="timeslot"
      >
        <span>
          14:30
        </span>
      </div>
      <div
        class="slot"
        data-testid="timeslot"
      >
        15:00
      </div>
      <div
        class="slot"
        data-testid="timeslot"
      >
        <span>
          15:30
        </span>
      </div>
      <div
        class="slot"
        data-testid="timeslot"
      >
        16:00
      </div>
      <div
        class="slot"
        data-testid="timeslot"
      >
        <span>
          16:30
        </span>
      </div>
      <div
        class="slot"
        data-testid="timeslot"
      >
        17:00
      </div>
      <div
        class="slot"
        data-testid="timeslot"
      >
        <span>
          17:30
        </span>
      </div>
      <div
        class="slot"
        data-testid="timeslot"
      >
        18:00
      </div>
      <div
        class="slot"
        data-testid="timeslot"
      >
        <span>
          18:30
        </span>
      </div>
      <div
        class="slot"
        data-testid="timeslot"
      >
        19:00
      </div>
      <div
        class="slot"
        data-testid="timeslot"
      >
        <span>
          19:30
        </span>
      </div>
      <div
        class="slot"
        data-testid="timeslot"
      >
        20:00
      </div>
      <div
        class="slot"
        data-testid="timeslot"
      >
        <span>
          20:30
        </span>
      </div>
      <div
        class="slot"
        data-testid="timeslot"
      >
        21:00
      </div>
    </div>
    <div
      class="left"
      data-testid="calendar"
      id="calander"
    />
  </div>
</div>
`;
